mode: atomic
github.com/yutaqqq/go-graceful-shutdown/shutdown.go:48.39,50.2 1 1
github.com/yutaqqq/go-graceful-shutdown/shutdown.go:53.39,53.55 1 5
github.com/yutaqqq/go-graceful-shutdown/shutdown.go:59.44,60.27 1 1
github.com/yutaqqq/go-graceful-shutdown/shutdown.go:60.27,60.44 1 1
github.com/yutaqqq/go-graceful-shutdown/shutdown.go:71.36,75.25 2 9
github.com/yutaqqq/go-graceful-shutdown/shutdown.go:75.25,77.3 1 1
github.com/yutaqqq/go-graceful-shutdown/shutdown.go:78.2,78.10 1 9
github.com/yutaqqq/go-graceful-shutdown/shutdown.go:83.50,88.2 4 11
github.com/yutaqqq/go-graceful-shutdown/shutdown.go:92.54,97.9 4 3
github.com/yutaqqq/go-graceful-shutdown/shutdown.go:98.20,98.20 0 1
github.com/yutaqqq/go-graceful-shutdown/shutdown.go:99.12,99.12 0 2
github.com/yutaqqq/go-graceful-shutdown/shutdown.go:101.2,101.16 1 3
github.com/yutaqqq/go-graceful-shutdown/shutdown.go:106.37,108.2 1 5
github.com/yutaqqq/go-graceful-shutdown/shutdown.go:110.32,117.42 6 8
github.com/yutaqqq/go-graceful-shutdown/shutdown.go:117.42,120.19 3 10
github.com/yutaqqq/go-graceful-shutdown/shutdown.go:120.19,122.4 1 9
github.com/yutaqqq/go-graceful-shutdown/shutdown.go:123.3,124.36 2 10
github.com/yutaqqq/go-graceful-shutdown/shutdown.go:124.36,126.4 1 3
github.com/yutaqqq/go-graceful-shutdown/shutdown.go:127.3,127.11 1 10
github.com/yutaqqq/go-graceful-shutdown/shutdown.go:129.2,129.29 1 8
